// Jest Snapshot v1, https://goo.gl/fbAQLP

exports[`PlantApi snapshot of the PlantApi class 1`] = `[Function]`;
