// Jest Snapshot v1, https://goo.gl/fbAQLP

exports[`matches snapshot 1`] = `
<DocumentFragment>
  <div
    class="pt-5"
  >
    <div
      class="Homepage"
    >
      <div
        class="container text-center"
      >
        <h1
          class="mb-4 font-weight-bold"
        >
          Plant
        </h1>
        <p
          class="lead"
        >
          When you plant something, you invest in a beautiful future amidst a stressful, chaotic and, at times, downright appalling world.
        </p>
        <h2>
          Welcome Back, test!
        </h2>
      </div>
    </div>
  </div>
</DocumentFragment>
`;
