// Jest Snapshot v1, https://goo.gl/fbAQLP

exports[`SignupForm component renders the signup form component 1`] = `
<div
  class="SignupForm"
>
  <div
    class="container col-md-6 offset-md-3 col-lg-4 offset-lg-4"
  >
    <h2
      class="mb-3"
    >
      Sign Up
    </h2>
    <div
      class="card"
    >
      <div
        class="card-body"
      >
        <form>
          <div
            class="form-group"
          >
            <label
              for="username"
            >
              Username
            </label>
            <input
              class="form-control"
              id="username"
              name="username"
              value=""
            />
          </div>
          <div
            class="form-group"
          >
            <label
              for="password"
            >
              Password
            </label>
            <input
              class="form-control"
              id="password"
              name="password"
              type="password"
              value=""
            />
          </div>
          <div
            class="form-group"
          >
            <label
              for="firstName"
            >
              First name
            </label>
            <input
              class="form-control"
              id="firstName"
              name="firstName"
              value=""
            />
          </div>
          <div
            class="form-group"
          >
            <label
              for="lastName"
            >
              Last name
            </label>
            <input
              class="form-control"
              id="lastName"
              name="lastName"
              value=""
            />
          </div>
          <div
            class="form-group"
          >
            <label
              for="email"
            >
              Email
            </label>
            <input
              class="form-control"
              id="email"
              name="email"
              type="email"
              value=""
            />
          </div>
          <button
            class="btn btn-primary float-right"
            type="submit"
          >
            Submit
          </button>
        </form>
      </div>
    </div>
  </div>
</div>
`;
